[2026-04-27T11:01:48.819Z] INFO  base.driverinitialization -
					****starting test****
[2026-04-27T11:01:55.534Z] INFO  testcases.Logintest -
					login successfull
[2026-04-27T11:05:13.250Z] INFO  base.driverinitialization -
					****starting test****
[2026-04-27T11:05:19.931Z] INFO  testcases.Logintest -
					login successfull
[2026-04-27T11:06:37.860Z] INFO  base.driverinitialization -
					****starting test****
[2026-04-27T11:06:43.662Z] INFO  testcases.Logintest -
					login successfull
[2026-04-27T11:09:30.442Z] INFO  base.driverinitialization -
					****starting test****
[2026-04-27T11:09:31.107Z] INFO  testcases.Logintest -
					login successfull
[2026-04-27T11:10:45.872Z] INFO  base.driverinitialization -
					****starting test****
[2026-04-27T11:10:46.671Z] INFO  testcases.Logintest -
					login successfull
[2026-04-27T11:13:40.876Z] INFO  base.driverinitialization -
					****starting test****
[2026-04-27T11:22:41.354Z] INFO  base.driverinitialization -
					****starting test****
[2026-04-27T11:22:50.786Z] INFO  testcases.Logintest -
					login successfull
[2026-04-27T11:37:04.023Z] INFO  base.driverinitialization -
					****starting test****
[2026-04-27T11:37:16.350Z] INFO  testcases.Logintest -
					login successfull
[2026-04-28T15:19:52.315Z] INFO  base.driverinitialization -
					****starting test****
[2026-04-28T15:20:33.652Z] INFO  base.driverinitialization -
					****starting test****
[2026-04-28T15:23:53.956Z] INFO  base.driverinitialization -
					****starting test****
[2026-04-28T15:28:50.312Z] INFO  base.driverinitialization -
					**** Browser Launched in Thread: 15 ****
[2026-04-28T15:29:01.918Z] INFO  testcases.Logintest -
					login successfull
[2026-04-28T15:29:08.825Z] INFO  base.driverinitialization -
					**** Browser Launched in Thread: 38 ****
[2026-04-28T15:29:20.824Z] INFO  testcases.Logintest -
					login successfull
[2026-04-28T15:31:13.858Z] INFO  base.driverinitialization -
					**** Browser Launched in Thread: 14 ****
[2026-04-28T15:31:23.288Z] INFO  base.driverinitialization -
					**** Browser Launched in Thread: 15 ****
[2026-04-28T15:31:26.008Z] INFO  testcases.Logintest -
					login successfull
[2026-04-28T15:31:57.333Z] INFO  base.driverinitialization -
					**** Browser Launched in Thread: 14 ****
[2026-04-28T15:32:06.622Z] INFO  base.driverinitialization -
					**** Browser Launched in Thread: 15 ****
[2026-04-28T15:32:08.164Z] INFO  testcases.Logintest -
					login successfull
[2026-04-28T15:32:19.936Z] INFO  testcases.Logintest -
					login successfull
[2026-04-28T15:33:41.453Z] INFO  base.driverinitialization -
					**** Browser Launched in Thread: 14 ****browserchrome
[2026-04-28T15:33:50.340Z] INFO  base.driverinitialization -
					**** Browser Launched in Thread: 15 ****browserfirefox
[2026-04-28T15:33:51.969Z] INFO  testcases.Logintest -
					login successfull
[2026-04-28T15:34:01.455Z] INFO  testcases.Logintest -
					login successfull
[2026-04-28T15:37:14.785Z] INFO  base.driverinitialization -
					**** Browser Launched in Thread: 16 ****browserchrome
[2026-04-28T15:37:21.506Z] INFO  base.driverinitialization -
					**** Browser Launched in Thread: 17 ****browserfirefox
[2026-04-28T15:37:26.128Z] INFO  testcases.Logintest -
					login successfull
[2026-04-28T15:37:31.080Z] INFO  base.driverinitialization -
					**** Browser Launched in Thread: 16 ****browserchrome
[2026-04-28T15:37:35.229Z] INFO  testcases.Logintest -
					login successfull
[2026-04-28T15:37:36.181Z] INFO  testcases.Inventorytest -
					Inventory menu opening
[2026-04-28T15:38:41.143Z] INFO  base.driverinitialization -
					**** Browser Launched in Thread: 16 ****browserchrome
[2026-04-28T15:38:49.539Z] INFO  base.driverinitialization -
					**** Browser Launched in Thread: 17 ****browserfirefox
[2026-04-28T15:38:52.308Z] INFO  testcases.Logintest -
					login successfull
[2026-04-28T15:38:58.889Z] INFO  base.driverinitialization -
					**** Browser Launched in Thread: 16 ****browserchrome
[2026-04-28T15:39:05.269Z] INFO  testcases.Logintest -
					login successfull
[2026-04-28T15:39:07.101Z] INFO  testcases.Inventorytest -
					Inventory menu opening
[2026-04-28T15:39:45.558Z] INFO  base.driverinitialization -
					**** Browser Launched in Thread: 16 ****browserchrome
[2026-04-28T15:39:52.955Z] INFO  base.driverinitialization -
					**** Browser Launched in Thread: 17 ****browserfirefox
[2026-04-28T15:39:56.354Z] INFO  testcases.Logintest -
					login successfull
[2026-04-28T15:39:56.416Z] INFO  testcases.Inventorytest -
					Inventory menu opening
[2026-04-28T15:39:57.998Z] INFO  testcases.Inventorytest -
					Add item menu opening
[2026-04-28T15:40:01.910Z] INFO  testcases.Inventorytest -
					Listing details filling
[2026-04-28T15:40:02.755Z] INFO  testcases.Inventorytest -
					LCF opening
[2026-04-28T15:40:02.755Z] INFO  testcases.Inventorytest -
					LCF details filling for all mkp's
[2026-04-28T15:40:06.590Z] INFO  testcases.Logintest -
					login successfull
[2026-04-28T15:40:06.597Z] INFO  testcases.Inventorytest -
					Inventory menu opening
[2026-04-28T15:40:15.758Z] INFO  testcases.Inventorytest -
					Add item menu opening
[2026-04-28T15:40:40.780Z] INFO  testcases.Inventorytest -
					Listing details filling
[2026-04-28T15:40:41.221Z] INFO  testcases.Inventorytest -
					LCF opening
[2026-04-28T15:40:41.221Z] INFO  testcases.Inventorytest -
					LCF details filling for all mkp's
[2026-04-28T15:40:59.602Z] INFO  testcases.Inventorytest -
					AZ all locale's LCF filled
[2026-04-28T15:41:00.382Z] INFO  testcases.Inventorytest -
					animalis LCF filled
[2026-04-28T15:46:16.666Z] INFO  base.driverinitialization -
					**** Browser Launched in Thread: 16 ****browserchrome
[2026-04-28T15:46:32.279Z] INFO  testcases.Logintest -
					login successfull
[2026-04-28T15:46:32.879Z] INFO  testcases.Inventorytest -
					Inventory menu opening
[2026-04-28T15:46:34.955Z] INFO  testcases.Inventorytest -
					Add item menu opening
[2026-04-28T15:46:37.506Z] INFO  testcases.Inventorytest -
					Listing details filling
[2026-04-28T15:46:41.553Z] INFO  testcases.Inventorytest -
					LCF opening
[2026-04-28T15:46:41.553Z] INFO  testcases.Inventorytest -
					LCF details filling for all mkp's
[2026-04-28T15:46:49.188Z] INFO  base.driverinitialization -
					**** Browser Launched in Thread: 17 ****browserfirefox
[2026-04-28T15:47:02.399Z] INFO  testcases.Logintest -
					login successfull
[2026-04-28T15:47:02.408Z] INFO  testcases.Inventorytest -
					Inventory menu opening
[2026-04-28T15:47:04.843Z] INFO  testcases.Inventorytest -
					Add item menu opening
[2026-04-28T15:50:16.162Z] INFO  base.driverinitialization -
					**** Browser Launched in Thread: 16 ****browserchrome
[2026-04-28T15:50:28.718Z] INFO  testcases.Logintest -
					login successfull
[2026-04-28T15:50:28.753Z] INFO  testcases.Inventorytest -
					Inventory menu opening
[2026-04-28T15:50:32.031Z] INFO  testcases.Inventorytest -
					Add item menu opening
[2026-04-28T15:50:33.194Z] INFO  testcases.Inventorytest -
					Listing details filling
[2026-04-28T15:50:37.105Z] INFO  testcases.Inventorytest -
					LCF opening
[2026-04-28T15:50:37.106Z] INFO  testcases.Inventorytest -
					LCF details filling for all mkp's
[2026-04-28T15:50:48.082Z] INFO  base.driverinitialization -
					**** Browser Launched in Thread: 17 ****browserfirefox
[2026-04-28T15:52:50.023Z] INFO  base.driverinitialization -
					**** Browser Launched in Thread: 1 ****browserfirefox
[2026-04-28T15:53:01.617Z] INFO  testcases.Logintest -
					login successfull
[2026-04-28T15:53:01.655Z] INFO  testcases.Inventorytest -
					Inventory menu opening
[2026-04-28T15:53:04.770Z] INFO  testcases.Inventorytest -
					Add item menu opening
[2026-04-28T16:13:05.599Z] INFO  base.driverinitialization -
					**** Browser Launched in Thread: 16 ****browserchrome
[2026-04-28T16:13:19.724Z] INFO  testcases.Logintest -
					login successfull
[2026-04-28T16:13:19.756Z] INFO  testcases.Inventorytest -
					Inventory menu opening
[2026-04-28T16:13:22.039Z] INFO  testcases.Inventorytest -
					Add item menu opening
[2026-04-28T16:13:25.592Z] INFO  testcases.Inventorytest -
					Listing details filling
[2026-04-28T16:13:26.615Z] INFO  testcases.Inventorytest -
					LCF opening
[2026-04-28T16:13:26.615Z] INFO  testcases.Inventorytest -
					LCF details filling for all mkp's
[2026-04-28T16:22:29.272Z] INFO  base.driverinitialization -
					**** Browser Launched in Thread: 16 ****browserchrome
[2026-04-28T16:22:41.128Z] INFO  testcases.Logintest -
					login successfull
[2026-04-28T16:22:41.233Z] INFO  testcases.Inventorytest -
					Inventory menu opening
[2026-04-28T16:22:42.740Z] INFO  testcases.Inventorytest -
					Add item menu opening
[2026-04-28T16:22:43.955Z] INFO  testcases.Inventorytest -
					Listing details filling
[2026-04-28T16:22:47.336Z] INFO  testcases.Inventorytest -
					LCF opening
[2026-04-28T16:22:47.336Z] INFO  testcases.Inventorytest -
					LCF details filling for all mkp's
[2026-04-28T16:38:02.381Z] INFO  base.driverinitialization -
					**** Browser Launched in Thread: 16 ****browserchrome
[2026-04-28T16:38:19.019Z] INFO  testcases.Logintest -
					login successfull
[2026-04-28T16:38:19.255Z] INFO  testcases.Inventorytest -
					Inventory menu opening
[2026-04-28T16:38:20.906Z] INFO  testcases.Inventorytest -
					Add item menu opening
[2026-04-28T16:38:24.497Z] INFO  testcases.Inventorytest -
					Listing details filling
[2026-04-28T16:39:40.609Z] INFO  base.driverinitialization -
					**** Browser Launched in Thread: 1 ****browserchrome
[2026-04-28T16:57:38.597Z] INFO  base.driverinitialization -
					**** Browser Launched in Thread: 1 ****browserchrome
